[
  {
    "operatorId": "1234567890",
    "phoneNumber": "(381)123456785",
    "totalDuration": 2100,
    "amount": 2
  },
  {
    "operatorId": "01234567890",
    "phoneNumber": "(381)123456785",
    "totalDuration": 900,
    "amount": 1
  }
]