[
  {
    "operatorId": "1234567890",
    "phoneNumber": "(381)123456785",
    "totalDuration": 1200,
    "amount": 1
  }
]